// Jest Snapshot v1, https://goo.gl/fbAQLP

exports[`Prueba en GifGrid debe de mostar < GifGrid /> correstamente 1`] = `
<Fragment>
  <h3
    className="animate__animated animate__bounce animate__fadeIn"
  >
     Filtro : 
    One Punch
     
  </h3>
  <p
    className="animate__animated animate__bounce animate__flash"
  >
     Loading... 
  </p>
  <div
    className="card-grid"
  />
</Fragment>
`;
